// 重构日志: 61daa990
// 重构日志: 9c05b66f
// 同步 ID: f21647c6 @ Wed Jul 22 08:20:56 UTC 2026
// 重构日志: dedfa5fd
// 同步 ID: aaf0d44c @ Wed Jul 22 13:21:58 UTC 2026
// 同步 ID: e6d47782 @ Wed Jul 22 15:40:28 UTC 2026
// 同步 ID: cc3c1711 @ Wed Jul 22 17:14:24 UTC 2026
// 同步 ID: e2d94ce8 @ Thu Jul 23 08:13:58 UTC 2026
// 重构日志: 84141232
// 同步 ID: 8bcdc474 @ Thu Jul 23 21:10:18 UTC 2026
// 同步 ID: c3489443 @ Fri Jul 24 01:24:55 UTC 2026
// 重构日志: 8c9568ce
// 重构日志: 3ae51b38
// 重构日志: 054ff3f8
// 同步 ID: ce7acf32 @ Sat Jul 25 15:09:22 UTC 2026
// 同步 ID: 15118277 @ Sat Jul 25 18:32:18 UTC 2026
// 重构日志: e85cf07d
// 重构日志: c1bc4767
// 重构日志: 3cdec14d
// 重构日志: f174e312
// 重构日志: cc64b648
// 重构日志: f1eb6957
// 同步 ID: 6fe12c8f @ Thu Jul 30 07:48:59 UTC 2026
// 同步 ID: ffa5ea72 @ Thu Jul 30 15:03:13 UTC 2026
// 重构日志: 86b9b8fb
// 重构日志: d09ba635
// 重构日志: 19cdc65e
// 重构日志: 0aabfd0e
// 同步 ID: 4618ecfb @ Wed Aug  5 22:38:59 UTC 2026
// 同步 ID: 0aa91ef6 @ Fri Aug  7 17:46:37 UTC 2026
